gcc -g p2original.c
 ./a.out
enter the numbers
3
enter the numbers
4
enter the numbers
6
6 is the largest of the three
 gdb a.out
GNU gdb (Ubuntu 8.1.1-0ubuntu1) 8.1.1
Copyright (C) 2018 Free Software Foundation, Inc.
License GPLv3+: GNU GPL version 3 or later <http://gnu.org/licenses/gpl.html>
This is free software: you are free to change and redistribute it.
There is NO WARRANTY, to the extent permitted by law.  Type "show copying"
and "show warranty" for details.
This GDB was configured as "x86_64-linux-gnu".
Type "show configuration" for configuration details.
For bug reporting instructions, please see:
<http://www.gnu.org/software/gdb/bugs/>.
Find the GDB manual and other documentation resources online at:
<http://www.gnu.org/software/gdb/documentation/>.
For help, type "help".
Type "apropos word" to search for commands related to "word"...
Reading symbols from a.out...done.
(gdb) b main
Breakpoint 1 at 0x7f9: file p2original.c, line 18.
(gdb) r
Starting program: /home/runner/pps-IA1-practice/a.out 
warning: Error disabling address space randomization: Operation not permitted

Breakpoint 1, main () at p2original.c:18
18    a=input();
(gdb) n
enter the numbers
3  
19    b=input();
(gdb) n
enter the numbers
4
20    c=input();
(gdb) n
enter the numbers
6
21    printf("%d is the largest of the three\n",cmp(a,b,c));
(gdb) n
6 is the largest of the three
22  }(gdb) q
A debugging session is active.

    Inferior 1 [process 523] will be killed.

Quit anyway? (y or n) y
 